
 RUN  v5.0.2 /app

stdout | audit/erasure-residue.test.ts > audit: erasure of a transfer decision reason > scrubs the request and site notices but leaves the reason in the counterpart's email_outbox row
AUDIT outbox rows quoting reason before deletion: [
  {
    recipientIsMember: false,
    recipientIsOther: true,
    status: 'pending',
    kind: 'transfer'
  },
  {
    recipientIsMember: true,
    recipientIsOther: false,
    status: 'pending',
    kind: 'transfer'
  }
]

stdout | audit/erasure-residue.test.ts > audit: erasure of a transfer decision reason > scrubs the request and site notices but leaves the reason in the counterpart's email_outbox row
AUDIT after deletion: records quoting reason = [] command_results quoting reason = 0 outbox rows quoting reason = [
  {
    recipientIsMember: false,
    recipientIsOther: true,
    status: 'pending',
    kind: 'transfer'
  }
]

stdout | audit/erasure-residue.test.ts > audit: erasure of contact values in a stored import preview > leaves an earlier phone and address in the manager's stored import.preview result
AUDIT contact email after verified change: changed@example.invalid

stdout | audit/erasure-residue.test.ts > audit: erasure of contact values in a stored import preview > leaves an earlier phone and address in the manager's stored import.preview result
AUDIT stored import.preview result after deletion contains old phone: true old address: true old email: true personal number: true erasedAt marker: false

stdout | audit/erasure-residue.test.ts > audit: erasure of contact values in a stored import preview > leaves an earlier phone and address in the manager's stored import.preview result
AUDIT replayed result contains old address: true

 ✓ audit/erasure-residue.test.ts (2 tests) 247ms

 Test Files  1 passed (1)
      Tests  2 passed (2)
   Start at  07:58:06
   Duration  936ms (transform 41%, import 30%, tests 28%)

