
 RUN  v5.0.2 /app

stderr | tests/integration/google-sign-in.test.ts > Google sign-in for invited accounts, bound to Google's sub > keeps the first sub: another Google account with the same address is refused, a changed Google address is not
2026-10-07T07:56:23.716Z ERROR [Better Auth]: unable_to_link_account

stderr | tests/integration/google-sign-in.test.ts > Google sign-in for invited accounts, bound to Google's sub > links only one of two Google accounts that race for the same invitation
2026-10-07T07:56:23.843Z ERROR [Better Auth]: unable_to_link_account

stderr | tests/integration/google-sign-in.test.ts > Google sign-in for invited accounts, bound to Google's sub > refuses an uninvited address and an address Google has not verified, creating nothing
2026-10-07T07:56:24.028Z ERROR [Better Auth]: signup_disabled

stderr | tests/integration/google-sign-in.test.ts > Google sign-in for invited accounts, bound to Google's sub > refuses an uninvited address and an address Google has not verified, creating nothing
2026-10-07T07:56:24.036Z ERROR [Better Auth]: account_not_linked

stderr | tests/integration/google-sign-in.test.ts > Google sign-in for invited accounts, bound to Google's sub > resets earlier code failures on a Google success, and a lock blocks Google and its sessions
2026-10-07T07:56:24.150Z ERROR [Better Auth]: unable_to_create_session

stderr | tests/integration/google-sign-in.test.ts > Google sign-in for invited accounts, bound to Google's sub > drops the old Google link on a verified email change and links the new address afresh
2026-10-07T07:56:24.228Z ERROR [Better Auth]: signup_disabled

stderr | tests/integration/google-sign-in.test.ts > Google sign-in after the technical account changes its address (decision 204) > drops the Google link, refuses the old Google account and links the new address afresh
2026-10-07T07:56:24.320Z ERROR [Better Auth]: signup_disabled

stderr | tests/integration/google-sign-in.test.ts > Google sign-in after the technical account changes its address (decision 204) > drops the Google link, refuses the old Google account and links the new address afresh
2026-10-07T07:56:24.327Z ERROR [Better Auth]: unable_to_link_account

 ✓ tests/integration/google-sign-in.test.ts (7 tests) 815ms

 Test Files  1 passed (1)
      Tests  7 passed (7)
   Start at  07:56:22
   Duration  1.61s (tests 53%, transform 25%, import 22%)

exit=0
